// Jest Snapshot v1, https://goo.gl/fbAQLP

exports[`DevelopersPage renders 1`] = `
<div
  css={
    Object {
      "map": undefined,
      "name": "1mju3xz",
      "next": undefined,
      "styles": "box-sizing:border-box;display:flex;flex-direction:column;;",
      "toString": [Function],
    }
  }
/>
`;
