// Jest Snapshot v1, https://goo.gl/fbAQLP

exports[`HomePage renders 1`] = `
<div
  css={
    Object {
      "map": undefined,
      "name": "4rv2c9",
      "next": undefined,
      "styles": "display:flex;position:relative;flex-direction:column;overflow:hidden;max-width:100vw;",
      "toString": [Function],
    }
  }
>
  <div
    css={
      Object {
        "map": undefined,
        "name": "qvo440",
        "next": undefined,
        "styles": "box-sizing:border-box;display:flex;flex-direction:column;;overflow:hidden;position:relative;align-self:center;align-items:center;background-color:#2E3338;width:100%;max-width:100vw;@media (max-width: 576px){justify-content:center;min-height:calc(100vh);}@media (max-height: 568px){justify-content:flex-end;padding-bottom:30px;}@media (min-width: 576px) and (max-width: 992px){padding-top:60px;width:100vw;height:100vh;min-height:1068px;}@media (min-width: 992px){padding-top:0;padding-bottom:24px;};padding-top:50px;",
        "toString": [Function],
      }
    }
  >
    <div
      css={
        Object {
          "map": undefined,
          "name": "6cmqz9",
          "next": Object {
            "name": "animation-q4bcp7",
            "next": undefined,
            "styles": "@keyframes animation-q4bcp7{
  from {
    opacity: 0.1;
    transform: scale(1.02);
  }

  25% {
    opacity: 0.5
  }

  to {
    opacity: 1;
    transform: scale(1);
  }
}",
          },
          "styles": "top:0;position:absolute;background-repeat:no-repeat;background-size:cover;animation-iteration-count:1;animation-fill-mode:both;animation-delay:50ms;animation-duration:6s;animation-name:animation-q4bcp7;animation-timing-function:ease-in-out;opacity:0.1;width:100%;background-color:#2E3338;@media (max-width: 400px) and (min-height: 790px){background-image:url(image.png);top:0;min-height:100vh;}@media (max-width: 576px){background-image:url(image.png);top:0;min-height:100vh;}@media (min-width: 576px) and (max-width: 992px){width:100vw;min-height:100vh;background-image:url(image.png);background-position:bottom;top:0;}@media (min-width: 992px){width:100%;background-image:url(image.png);};height:calc(100% - 50px);",
          "toString": [Function],
        }
      }
    />
    <div
      css={
        Object {
          "map": undefined,
          "name": "kitalr",
          "next": undefined,
          "styles": "box-sizing:border-box;display:flex;flex-direction:column;;align-items:center;z-index:10;@media (min-width: 992px){width:100%;z-index:20;padding-top:48px;}@media (min-width: 576px) and (max-width: 992px){padding-top:72px;}@media (max-width: 576px){padding-top:24px;padding-bottom:16px;}@media (max-width: 400px) and (min-height: 790px){padding-bottom:0;}",
          "toString": [Function],
        }
      }
    >
      <div
        css={
          Object {
            "map": undefined,
            "name": "1a0mso6",
            "next": undefined,
            "styles": "display:flex;flex-direction:column;align-items:center;;max-width:660px;width:90vw;margin-bottom:0;padding:24px;position:relative;@media (min-width: 576px) and (max-width: 992px){max-width:580px;}@media (max-width: 576px){max-width:310px;padding-top:56px;padding-bottom:12px;}@media (min-width: 992px){padding-top:60px;}",
            "toString": [Function],
          }
        }
      >
        <div
          css={
            Object {
              "map": undefined,
              "name": "1lan6cl",
              "next": undefined,
              "styles": "position:absolute;width:100%;height:100%;border-radius:33px;z-index:-1;background-color:#2E3338;filter:blur(48px);@media (min-width: 992px){display:none;}",
              "toString": [Function],
            }
          }
        />
        <h1
          css={
            Object {
              "map": undefined,
              "name": "1ebiqd1",
              "next": undefined,
              "styles": "font-family:EB Garamond, eb-garamond, Garamond, serif;font-size:48px;line-height:56;text-rendering:geometricPrecision;color:#2E3338;font-weight:normal;margin:0;margin-block-start:0;margin-block-end:0;;line-height:56px;;color:#FFFFFF;text-align:center;@media (max-width: 576px){font-family:EB Garamond, eb-garamond, Garamond, serif;font-size:36px;line-height:40;text-rendering:geometricPrecision;color:#2E3338;font-weight:normal;margin:0;margin-block-start:0;margin-block-end:0;;line-height:40px;;color:#FFFFFF;;}",
              "toString": [Function],
            }
          }
        />
        <span
          css={
            Object {
              "map": undefined,
              "name": "k6azhh",
              "next": undefined,
              "styles": "font-family:EB Garamond, eb-garamond, Garamond, serif;font-size:20px;line-height:28;text-rendering:geometricPrecision;color:#2E3338;line-height:28px;;color:#EDEEEF;text-align:center;@media (min-width: 576px){max-width:500px;}p{margin-top:16px;margin-bottom:0;}",
              "toString": [Function],
            }
          }
        />
      </div>
    </div>
    <div
      css={
        Object {
          "map": undefined,
          "name": "vrmywl",
          "next": undefined,
          "styles": "box-sizing:border-box;display:flex;flex-direction:column;;@media (max-width: 576px){opacity:0.9;padding-top:24px;background-color:rgba(46, 51, 56, 0.5);z-index:10;box-shadow:-1px 5px 22px 7px rgba(46, 51, 56, 0.5);}@media (min-width: 576px){width:100%;background-color:#2E3338;background:linear-gradient(180deg, rgba(46, 51, 56, 0.1) 1%, rgba(46, 51, 56, 0.6) 20%, #2E3338 48.13%);z-index:20;opacity:1;padding-top:60px;padding-bottom:60px;}",
          "toString": [Function],
        }
      }
    >
      <section
        css={
          Object {
            "map": undefined,
            "name": "pnyh7x",
            "next": undefined,
            "styles": "box-sizing:border-box;display:flex;flex-direction:column;;overflow:hidden;align-items:center;align-self:center;width:100%;;",
            "toString": [Function],
          }
        }
      >
        <div
          css={
            Object {
              "map": undefined,
              "name": "1dav2mh",
              "next": undefined,
              "styles": "box-sizing:border-box;display:flex;flex-direction:column;;align-self:center;flex-direction:column;padding-left:12px;padding-right:12px;width:100%;max-width:100vw;overflow:hidden;flex-wrap:wrap;column-gap:24px;@media (min-width: 576px) and (max-width: 992px){display:grid;grid-auto-rows:auto;align-self:center;flex-direction:row;padding-right:24px;padding-left:24px;width:100%;max-width:982px;}@media (min-width: 992px){display:grid;grid-auto-rows:auto;align-self:center;width:100%;max-width:1104px;};@media (min-width: 992px){grid-template-columns:1fr ;}@media (min-width: 576px) and (max-width: 992px){grid-template-columns:1fr ;}",
              "toString": [Function],
            }
          }
        >
          <div
            css={
              Object {
                "map": undefined,
                "name": "j86fry",
                "next": undefined,
                "styles": "display:flex;flex-direction:row;flex-wrap:wrap;align-items:center;align-content:center;justify-content:center;@media (max-width: 576px){display:none;}",
                "toString": [Function],
              }
            }
          />
          <div
            css={
              Object {
                "map": undefined,
                "name": "15j6p0s",
                "next": undefined,
                "styles": "display:grid;grid-template-columns:1fr 1fr;column-gap:24px;row-gap:24px;;max-width:266px;padding-top:28px;margin:auto;",
                "toString": [Function],
              }
            }
          >
            <div
              className="css-view-1dbjc4n"
              onClick={[Function]}
              onMouseDown={[Function]}
              onMouseEnter={[Function]}
              onMouseLeave={[Function]}
              onMouseUp={[Function]}
            >
              <div
                className="css-view-1dbjc4n"
                style={
                  Object {
                    "WebkitBoxDirection": "normal",
                    "WebkitBoxFlex": 0,
                    "WebkitBoxOrient": "horizontal",
                    "WebkitBoxPack": "center",
                    "WebkitFlexDirection": "row",
                    "WebkitFlexGrow": 0,
                    "WebkitJustifyContent": "center",
                    "backgroundColor": "rgba(0,0,0,0.00)",
                    "borderBottomColor": "rgba(0,0,0,0.00)",
                    "borderLeftColor": "rgba(0,0,0,0.00)",
                    "borderRightColor": "rgba(0,0,0,0.00)",
                    "borderTopColor": "rgba(0,0,0,0.00)",
                    "flexDirection": "row",
                    "flexGrow": 0,
                    "justifyContent": "center",
                    "msFlexDirection": "row",
                    "msFlexPack": "center",
                    "msFlexPositive": 0,
                    "opacity": 1,
                    "outlineColor": "transparent",
                    "width": "fit-content",
                  }
                }
              >
                <a
                  className="css-reset-4rbku5 css-cursor-18t94o4 css-text-901oao"
                  dir="auto"
                  href="/press"
                  onClick={[Function]}
                  onMouseEnter={[Function]}
                  role="link"
                  style={
                    Object {
                      "WebkitAlignItems": "center",
                      "WebkitBoxAlign": "center",
                      "alignItems": "center",
                      "color": "rgba(53,208,127,1.00)",
                      "cursor": "pointer",
                      "display": "inline-flex",
                      "fontFamily": "Jost, futura-pt, futura, sans-serif",
                      "fontSize": "16px",
                      "fontWeight": "500",
                      "lineHeight": "16px",
                      "msFlexAlign": "center",
                      "textAlign": "center",
                      "textRendering": "geometricPrecision",
                    }
                  }
                >
                  Recent News
                  <div
                    className="css-view-1dbjc4n"
                    style={
                      Object {
                        "display": "inline-flex",
                        "paddingLeft": "0.4em",
                        "paddingTop": "0.185em",
                      }
                    }
                  >
                    <svg
                      fill="none"
                      height="0.75em"
                      transform="rotate(0)"
                      viewBox="0 0 8 12"
                      width="0.75em"
                    >
                      <path
                        clipRule="evenodd"
                        d="M1.19997 0L1.13249e-05 1.19996L4.80011 6.00006L0 10.8002L1.19996 12.0001L7.19977 6.00032L7.19953 6.00007L7.19979 5.99981L1.19997 0Z"
                        fill="#35D07F"
                        fillRule="evenodd"
                        opacity={1}
                      />
                    </svg>
                  </div>
                </a>
              </div>
            </div>
            <div
              className="css-view-1dbjc4n"
              onClick={[Function]}
              onMouseDown={[Function]}
              onMouseEnter={[Function]}
              onMouseLeave={[Function]}
              onMouseUp={[Function]}
            >
              <div
                className="css-view-1dbjc4n"
                style={
                  Object {
                    "WebkitBoxDirection": "normal",
                    "WebkitBoxFlex": 0,
                    "WebkitBoxOrient": "horizontal",
                    "WebkitBoxPack": "center",
                    "WebkitFlexDirection": "row",
                    "WebkitFlexGrow": 0,
                    "WebkitJustifyContent": "center",
                    "backgroundColor": "rgba(0,0,0,0.00)",
                    "borderBottomColor": "rgba(0,0,0,0.00)",
                    "borderLeftColor": "rgba(0,0,0,0.00)",
                    "borderRightColor": "rgba(0,0,0,0.00)",
                    "borderTopColor": "rgba(0,0,0,0.00)",
                    "flexDirection": "row",
                    "flexGrow": 0,
                    "justifyContent": "center",
                    "msFlexDirection": "row",
                    "msFlexPack": "center",
                    "msFlexPositive": 0,
                    "opacity": 1,
                    "outlineColor": "transparent",
                    "width": "fit-content",
                  }
                }
              >
                <a
                  className="css-reset-4rbku5 css-cursor-18t94o4 css-text-901oao"
                  dir="auto"
                  href="mailto:press@celo.org"
                  onClick={[Function]}
                  onMouseEnter={[Function]}
                  role="link"
                  style={
                    Object {
                      "WebkitAlignItems": "center",
                      "WebkitBoxAlign": "center",
                      "alignItems": "center",
                      "color": "rgba(53,208,127,1.00)",
                      "cursor": "pointer",
                      "display": "inline-flex",
                      "fontFamily": "Jost, futura-pt, futura, sans-serif",
                      "fontSize": "16px",
                      "fontWeight": "500",
                      "lineHeight": "16px",
                      "msFlexAlign": "center",
                      "textAlign": "center",
                      "textRendering": "geometricPrecision",
                    }
                  }
                >
                  Contact Press
                  <div
                    className="css-view-1dbjc4n"
                    style={
                      Object {
                        "display": "inline-flex",
                        "paddingLeft": "0.4em",
                        "paddingTop": "0.185em",
                      }
                    }
                  >
                    <svg
                      fill="none"
                      height="0.75em"
                      transform="rotate(0)"
                      viewBox="0 0 8 12"
                      width="0.75em"
                    >
                      <path
                        clipRule="evenodd"
                        d="M1.19997 0L1.13249e-05 1.19996L4.80011 6.00006L0 10.8002L1.19996 12.0001L7.19977 6.00032L7.19953 6.00007L7.19979 5.99981L1.19997 0Z"
                        fill="#35D07F"
                        fillRule="evenodd"
                        opacity={1}
                      />
                    </svg>
                  </div>
                </a>
              </div>
            </div>
          </div>
        </div>
      </section>
    </div>
  </div>
</div>
`;
