// Jest Snapshot v1, https://goo.gl/fbAQLP

exports[`Privacy renders 1`] = `
.emotion-0 {
  margin-top: 100px;
  display: -webkit-box;
  display: -webkit-flex;
  display: -ms-flexbox;
  display: flex;
  -webkit-flex-direction: column;
  -ms-flex-direction: column;
  flex-direction: column;
}

.emotion-1 {
  box-sizing: border-box;
  display: -webkit-box;
  display: -webkit-flex;
  display: -ms-flexbox;
  display: flex;
  -webkit-flex-direction: column;
  -ms-flex-direction: column;
  flex-direction: column;
  overflow: hidden;
  -webkit-align-items: center;
  -webkit-box-align: center;
  -ms-flex-align: center;
  align-items: center;
  -webkit-align-self: center;
  -ms-flex-item-align: center;
  align-self: center;
  width: 100%;
}

.emotion-2 {
  box-sizing: border-box;
  display: -webkit-box;
  display: -webkit-flex;
  display: -ms-flexbox;
  display: flex;
  -webkit-flex-direction: column;
  -ms-flex-direction: column;
  flex-direction: column;
  -webkit-align-self: center;
  -ms-flex-item-align: center;
  align-self: center;
  -webkit-flex-direction: column;
  -ms-flex-direction: column;
  flex-direction: column;
  padding-left: 12px;
  padding-right: 12px;
  width: 100%;
  max-width: 100vw;
  overflow: hidden;
  -webkit-box-flex-wrap: wrap;
  -webkit-flex-wrap: wrap;
  -ms-flex-wrap: wrap;
  flex-wrap: wrap;
  -webkit-column-gap: 24px;
  column-gap: 24px;
  -webkit-box-pack: center;
  -ms-flex-pack: center;
  -webkit-justify-content: center;
  justify-content: center;
  -webkit-align-items: center;
  -webkit-box-align: center;
  -ms-flex-align: center;
  align-items: center;
}

@media (min-width: 576px) and (max-width: 992px) {
  .emotion-2 {
    display: grid;
    grid-auto-rows: auto;
    -webkit-align-self: center;
    -ms-flex-item-align: center;
    align-self: center;
    -webkit-flex-direction: row;
    -ms-flex-direction: row;
    flex-direction: row;
    padding-right: 24px;
    padding-left: 24px;
    width: 100%;
    max-width: 982px;
  }
}

@media (min-width: 992px) {
  .emotion-2 {
    display: grid;
    grid-auto-rows: auto;
    -webkit-align-self: center;
    -ms-flex-item-align: center;
    align-self: center;
    width: 100%;
    max-width: 1104px;
  }
}

@media (min-width: 992px) {
  .emotion-2 {
    grid-template-columns: 1fr 1fr 1fr 1fr;
  }
}

@media (min-width: 576px) and (max-width: 992px) {
  .emotion-2 {
    grid-template-columns: 1fr 1fr 1fr 1fr;
  }
}

@media (min-width: 992px) {
  .emotion-2 {
    margin-bottom: 60px;
  }
}

@media (min-width: 576px) and (max-width: 992px) {
  .emotion-2 {
    margin-bottom: 40px;
  }
}

@media (max-width: 576px) {
  .emotion-2 {
    margin-bottom: 30px;
  }
}

.emotion-3 {
  box-sizing: border-box;
  display: -webkit-box;
  display: -webkit-flex;
  display: -ms-flexbox;
  display: flex;
  -webkit-flex-direction: column;
  -ms-flex-direction: column;
  flex-direction: column;
  grid-column: span 1;
}

@media (min-width: 576px) and (max-width: 992px) {
  .emotion-3 {
    grid-column: span 1;
  }
}

.emotion-4 {
  box-sizing: border-box;
  display: -webkit-box;
  display: -webkit-flex;
  display: -ms-flexbox;
  display: flex;
  -webkit-flex-direction: column;
  -ms-flex-direction: column;
  flex-direction: column;
  grid-column: span 3;
}

@media (min-width: 576px) and (max-width: 992px) {
  .emotion-4 {
    grid-column: span 3;
  }
}

.emotion-5 {
  font-family: EB Garamond,eb-garamond,Garamond,serif;
  font-size: 48px;
  line-height: 56;
  text-rendering: geometricPrecision;
  color: #111214;
  font-weight: normal;
  margin: 0;
  margin-block-start: 0;
  margin-block-end: 0;
  line-height: 56px;
}

.emotion-7 {
  box-sizing: border-box;
  display: -webkit-box;
  display: -webkit-flex;
  display: -ms-flexbox;
  display: flex;
  -webkit-flex-direction: column;
  -ms-flex-direction: column;
  flex-direction: column;
  -webkit-align-self: center;
  -ms-flex-item-align: center;
  align-self: center;
  -webkit-flex-direction: column;
  -ms-flex-direction: column;
  flex-direction: column;
  padding-left: 12px;
  padding-right: 12px;
  width: 100%;
  max-width: 100vw;
  overflow: hidden;
  -webkit-box-flex-wrap: wrap;
  -webkit-flex-wrap: wrap;
  -ms-flex-wrap: wrap;
  flex-wrap: wrap;
  -webkit-column-gap: 24px;
  column-gap: 24px;
}

@media (min-width: 576px) and (max-width: 992px) {
  .emotion-7 {
    display: grid;
    grid-auto-rows: auto;
    -webkit-align-self: center;
    -ms-flex-item-align: center;
    align-self: center;
    -webkit-flex-direction: row;
    -ms-flex-direction: row;
    flex-direction: row;
    padding-right: 24px;
    padding-left: 24px;
    width: 100%;
    max-width: 982px;
  }
}

@media (min-width: 992px) {
  .emotion-7 {
    display: grid;
    grid-auto-rows: auto;
    -webkit-align-self: center;
    -ms-flex-item-align: center;
    align-self: center;
    width: 100%;
    max-width: 1104px;
  }
}

@media (min-width: 992px) {
  .emotion-7 {
    grid-template-columns: 1fr 1fr 1fr 1fr;
  }
}

@media (min-width: 576px) and (max-width: 992px) {
  .emotion-7 {
    grid-template-columns: 1fr 1fr 1fr 1fr;
  }
}

.emotion-9 {
  font-weight: normal;
  margin: 0;
  margin-block-start: 0;
  margin-block-end: 0;
  font-family: Jost,futura-pt,futura,sans-serif;
  font-size: 16px;
  line-height: 18;
  font-weight: 500;
  text-rendering: geometricPrecision;
  color: #111214;
  line-height: 18px;
}

.emotion-11 {
  font-family: EB Garamond,eb-garamond,Garamond,serif;
  font-size: 20px;
  line-height: 28;
  text-rendering: geometricPrecision;
  color: #111214;
  line-height: 28px;
  margin-bottom: 24px;
  margin-top: 0;
}

.emotion-20 {
  box-sizing: border-box;
  display: -webkit-box;
  display: -webkit-flex;
  display: -ms-flexbox;
  display: flex;
  -webkit-flex-direction: column;
  -ms-flex-direction: column;
  flex-direction: column;
  -webkit-align-self: center;
  -ms-flex-item-align: center;
  align-self: center;
  -webkit-flex-direction: column;
  -ms-flex-direction: column;
  flex-direction: column;
  padding-left: 12px;
  padding-right: 12px;
  width: 100%;
  max-width: 100vw;
  overflow: hidden;
  -webkit-box-flex-wrap: wrap;
  -webkit-flex-wrap: wrap;
  -ms-flex-wrap: wrap;
  flex-wrap: wrap;
  -webkit-column-gap: 24px;
  column-gap: 24px;
  margin-top: 20px;
  margin-bottom: 20px;
}

@media (min-width: 576px) and (max-width: 992px) {
  .emotion-20 {
    display: grid;
    grid-auto-rows: auto;
    -webkit-align-self: center;
    -ms-flex-item-align: center;
    align-self: center;
    -webkit-flex-direction: row;
    -ms-flex-direction: row;
    flex-direction: row;
    padding-right: 24px;
    padding-left: 24px;
    width: 100%;
    max-width: 982px;
  }
}

@media (min-width: 992px) {
  .emotion-20 {
    display: grid;
    grid-auto-rows: auto;
    -webkit-align-self: center;
    -ms-flex-item-align: center;
    align-self: center;
    width: 100%;
    max-width: 1104px;
  }
}

@media (min-width: 992px) {
  .emotion-20 {
    grid-template-columns: 1fr 1fr 1fr 1fr;
  }
}

@media (min-width: 576px) and (max-width: 992px) {
  .emotion-20 {
    grid-template-columns: 1fr 1fr 1fr 1fr;
  }
}

.emotion-22 {
  font-weight: normal;
  margin: 0;
  margin-block-start: 0;
  margin-block-end: 0;
  font-family: Jost,futura-pt,futura,sans-serif;
  font-size: 24px;
  line-height: 28;
  font-weight: 400;
  text-rendering: geometricPrecision;
  color: #111214;
  line-height: 28px;
}

.emotion-24 {
  font-family: EB Garamond,eb-garamond,Garamond,serif;
  font-size: 20px;
  line-height: 28;
  text-rendering: geometricPrecision;
  color: #111214;
  line-height: 28px;
}

.emotion-49 {
  font-family: EB Garamond,eb-garamond,Garamond,serif;
  font-size: 20px;
  line-height: 28;
  text-rendering: geometricPrecision;
  color: #111214;
  line-height: 28px;
  font-weight: bold;
}

.emotion-94 {
  margin-top: 4px;
  margin-bottom: 4px;
  border-width: 2px;
  border-color: #eee;
}

.emotion-95 {
  -webkit-flex-direction: row;
  -ms-flex-direction: row;
  flex-direction: row;
  -webkit-flex: 1;
  -ms-flex: 1;
  flex: 1;
  -webkit-box-pack: space-around;
  -ms-flex-pack: space-around;
  -webkit-justify-content: space-around;
  justify-content: space-around;
  -webkit-flex-basis: auto;
  -ms-flex-preferred-size: auto;
  flex-basis: auto;
  border-bottom-width: 1px;
  border-bottom-color: #eee;
}

.emotion-96 {
  font-weight: normal;
  margin: 0;
  margin-block-start: 0;
  margin-block-end: 0;
  font-family: EB Garamond,eb-garamond,Garamond,serif;
  font-size: 16px;
  line-height: 20;
  text-rendering: geometricPrecision;
  color: #111214;
  line-height: 20px;
  font-weight: 600;
  -webkit-flex: 1;
  -ms-flex: 1;
  flex: 1;
  -webkit-align-items: center;
  -webkit-box-align: center;
  -ms-flex-align: center;
  align-items: center;
  -webkit-box-pack: center;
  -ms-flex-pack: center;
  -webkit-justify-content: center;
  justify-content: center;
  padding: 4px;
  background-color: #eee;
}

.emotion-100 {
  font-weight: normal;
  margin: 0;
  margin-block-start: 0;
  margin-block-end: 0;
  font-family: EB Garamond,eb-garamond,Garamond,serif;
  font-size: 16px;
  line-height: 20;
  text-rendering: geometricPrecision;
  color: #111214;
  line-height: 20px;
  -webkit-flex: 1;
  -ms-flex: 1;
  flex: 1;
  -webkit-align-items: center;
  -webkit-box-align: center;
  -ms-flex-align: center;
  align-items: center;
  -webkit-box-pack: center;
  -ms-flex-pack: center;
  -webkit-justify-content: center;
  justify-content: center;
  padding: 10px;
}

<div
  className="emotion-0"
>
  <section
    className="emotion-1"
  >
    <div
      className="emotion-2"
    >
      <div
        className="emotion-3"
      />
      <div
        className="emotion-4"
      >
        <h1
          className="emotion-5"
        >
          Privacy Policy
        </h1>
      </div>
    </div>
  </section>
  <section
    className="emotion-1"
  >
    <div
      className="emotion-7"
    >
      <div
        className="emotion-3"
      >
        <h6
          className="emotion-9"
        >
          Valid as of May 17, 2020
        </h6>
      </div>
      <div
        className="emotion-4"
      >
        <p
          className="emotion-11"
        >
          This Privacy Policy and Cookies Statement describes how the Celo Foundation and its affiliated companies (referred to in this document as “Celo,” “we,” “us” or “our”) collects, uses, shares and otherwise processes Personal Data (defined below) including:
        </p>
        <ul
          className="emotion-12 emotion-13"
          role="list"
          style={
            Object {
              "listStyle": "disc",
              "marginTop": "20px",
              "paddingLeft": "20px",
            }
          }
        >
          <li
            className="emotion-12 emotion-15"
            dir="auto"
            role="listitem"
            style={
              Object {
                "color": "rgba(17,18,20,1.00)",
                "display": "list-item",
                "fontFamily": "EB Garamond, eb-garamond, Garamond, serif",
                "fontSize": "20px",
                "lineHeight": "28px",
                "listStyle": "inherit",
                "marginBottom": "20px",
                "textRendering": "geometricPrecision",
              }
            }
          >
            Visitors to our website(s), mobile applications and other online properties (“Site” or “Sites”)
          </li>
          <li
            className="emotion-12 emotion-15"
            dir="auto"
            role="listitem"
            style={
              Object {
                "color": "rgba(17,18,20,1.00)",
                "display": "list-item",
                "fontFamily": "EB Garamond, eb-garamond, Garamond, serif",
                "fontSize": "20px",
                "lineHeight": "28px",
                "listStyle": "inherit",
                "marginBottom": "20px",
                "textRendering": "geometricPrecision",
              }
            }
          >
            Any other individual about whom Celo may obtain Personal Data
          </li>
        </ul>
        <p
          className="emotion-11"
        >
          In this Privacy Policy, “Personal Data” means information that (either in isolation or in combination with other information held by Celo) enables you to be identified as an individual or recognized directly or indirectly. We may collect Personal Data when you use our Sites.
        </p>
      </div>
    </div>
  </section>
  <section
    className="emotion-1"
  >
    <div
      className="emotion-20"
    >
      <div
        className="emotion-3"
      >
        <h3
          className="emotion-22"
        >
          Overview
        </h3>
      </div>
      <div
        className="emotion-4"
      >
        <p
          className="emotion-24"
        />
        <p
          className="emotion-11"
        >
          Unless we specifically state otherwise, the Celo Foundation is the data processor of the Personal Data we process, and is therefore responsible for ensuring that the systems and processes we use are compliant with data protection laws, to the extent applicable to us.
        </p>
        <p
          className="emotion-11"
        >
          Celo Foundation personnel are required to comply with this Privacy Policy and complete data protection training, where appropriate.
        </p>
      </div>
    </div>
  </section>
  <section
    className="emotion-1"
  >
    <div
      className="emotion-20"
    >
      <div
        className="emotion-3"
      >
        <h3
          className="emotion-22"
        >
          Collection of Personal Data
        </h3>
      </div>
      <div
        className="emotion-4"
      >
        <p
          className="emotion-24"
        />
        <p
          className="emotion-11"
        >
          The Celo Foundation collects information that you provide directly to us when you browse our Site, register to receive newsletter requests or other information, provide feedback through surveys, participate in any interactive features on our Sites including contests, promotions, challenges, activities or events.
        </p>
        <p
          className="emotion-11"
        >
          We also collect data provided by job applicants or others on our Sites or offline means in connection with employment or consulting opportunities, which may also be subject to other Policies.
        </p>
        <p
          className="emotion-11"
        >
          We may also collect Computer Internet Protocol (IP) address, unique device identifier (“UDID”), cookies, web beacons, web server logs and other technologies and other data linked to a device, and data about usage of our Sites (Usage Data). A “cookie” is a text file that websites send to a visitor’s computer or other Internet-connected device to identify the visitor’s browser or to store information or settings in the browser. A “web beacon,” also known as an Internet tag, pixel tag or clear GIF, links web pages to web servers and their cookies and may be used to transmit information collected through cookies back to a web server.
        </p>
        <p
          className="emotion-11"
        >
          Other types of information we may collect include your name, email address, username, password, phone number, location and any other information you choose to provide.
        </p>
        <p
          className="emotion-11"
        >
          We may use these automated technologies to collect information about your equipment, browsing actions, and usage patterns. The information we obtain in this manner may include your device IP address, identifiers associated with your devices, types of devices connected to our services, web browser characteristics, device characteristics, language preferences, referring/exit pages, clickstream data, and dates and times of visits to our Site.
        </p>
      </div>
    </div>
  </section>
  <section
    className="emotion-1"
  >
    <div
      className="emotion-20"
    >
      <div
        className="emotion-3"
      >
        <h3
          className="emotion-22"
        >
          Use of Personal Data
        </h3>
      </div>
      <div
        className="emotion-4"
      >
        <p
          className="emotion-24"
        />
        <p
          className="emotion-11"
        >
          We use the Personal Data that we collect:
        </p>
        <ul
          className="emotion-12 emotion-13"
          role="list"
          style={
            Object {
              "listStyle": "disc",
              "marginTop": "20px",
              "paddingLeft": "20px",
            }
          }
        >
          <li
            className="emotion-12 emotion-15"
            dir="auto"
            role="listitem"
            style={
              Object {
                "color": "rgba(17,18,20,1.00)",
                "display": "list-item",
                "fontFamily": "EB Garamond, eb-garamond, Garamond, serif",
                "fontSize": "20px",
                "lineHeight": "28px",
                "listStyle": "inherit",
                "marginBottom": "20px",
                "textRendering": "geometricPrecision",
              }
            }
          >
            <span
              className="emotion-49"
            >
              To make our Sites more intuitive and easier to use
            </span>
             we use device data, cookies and other information that you may provide. This data is necessary for our legitimate interests in monitoring how our Sites are used to help us improve these Sites, and the information and tools available on these Sites.
          </li>
          <li
            className="emotion-12 emotion-15"
            dir="auto"
            role="listitem"
            style={
              Object {
                "color": "rgba(17,18,20,1.00)",
                "display": "list-item",
                "fontFamily": "EB Garamond, eb-garamond, Garamond, serif",
                "fontSize": "20px",
                "lineHeight": "28px",
                "listStyle": "inherit",
                "marginBottom": "20px",
                "textRendering": "geometricPrecision",
              }
            }
          >
            To provide 
            <span
              className="emotion-49"
            >
              relevant marketing 
            </span>
            including providing you with information about events or services that may be of interest to you. It is necessary for our legitimate interests to process this information in order to provide you with tailored and relevant marketing, updates and invitations.
          </li>
          <li
            className="emotion-12 emotion-15"
            dir="auto"
            role="listitem"
            style={
              Object {
                "color": "rgba(17,18,20,1.00)",
                "display": "list-item",
                "fontFamily": "EB Garamond, eb-garamond, Garamond, serif",
                "fontSize": "20px",
                "lineHeight": "28px",
                "listStyle": "inherit",
                "marginBottom": "20px",
                "textRendering": "geometricPrecision",
              }
            }
          >
            To
            <span
              className="emotion-49"
            >
               
              consider individuals for employment and contractor opportunities and manage on-boarding processes
               
            </span>
            we use job applicant data. The processing is necessary for the purposes of recruitment and on-boarding.
          </li>
          <li
            className="emotion-12 emotion-15"
            dir="auto"
            role="listitem"
            style={
              Object {
                "color": "rgba(17,18,20,1.00)",
                "display": "list-item",
                "fontFamily": "EB Garamond, eb-garamond, Garamond, serif",
                "fontSize": "20px",
                "lineHeight": "28px",
                "listStyle": "inherit",
                "marginBottom": "20px",
                "textRendering": "geometricPrecision",
              }
            }
          >
            To carry out any other purpose for which the information was collected.
          </li>
        </ul>
        <p
          className="emotion-11"
        >
          We may also use automated technologies to collect information about your equipment, browsing actions, and usage patterns. The information we obtain in this manner may include your device IP address, identifiers associated with your devices, types of devices connected to our services, web browser characteristics, device characteristics, language preferences, referring/exit pages, clickstream data, and dates and times of visits to our Site.
        </p>
        <p
          className="emotion-11"
        >
          The information we collect through cookies and similar technologies helps Celo (1) remember your information so you will not have to re-enter it; (2) understand how you use and interact with our website; (3) measure the usability of our website and the effectiveness of our communications; and (4) otherwise manage and enhance our website, and help ensure it is working properly. Your browser may tell you how to be notified when you receive certain types of cookies or how to restrict or disable certain types of cookies. Please note, however, that without cookies you may not be able to use all of the features of our website.
        </p>
      </div>
    </div>
  </section>
  <section
    className="emotion-1"
  >
    <div
      className="emotion-20"
    >
      <div
        className="emotion-3"
      >
        <h3
          className="emotion-22"
        >
          Marketing Choices
        </h3>
      </div>
      <div
        className="emotion-4"
      >
        <p
          className="emotion-24"
        />
        <p
          className="emotion-11"
        >
          You have control regarding our use of Personal Data for direct marketing. In certain markets, you will need to expressly consent before receiving marketing. In all markets, you can choose to not receive marketing communications at any time. If you no longer wish to receive marketing communications from Celo, or remain on a mailing list to which you previously subscribed, or receive any other marketing communication, please follow the unsubscribe link in the relevant communications or contact us as specified below.
        </p>
      </div>
    </div>
  </section>
  <section
    className="emotion-1"
  >
    <div
      className="emotion-20"
    >
      <div
        className="emotion-3"
      >
        <h3
          className="emotion-22"
        >
          How we share your information
        </h3>
      </div>
      <div
        className="emotion-4"
      >
        <p
          className="emotion-24"
        />
        <ul
          className="emotion-12 emotion-13"
          role="list"
          style={
            Object {
              "listStyle": "disc",
              "marginTop": "20px",
              "paddingLeft": "20px",
            }
          }
        >
          <li
            className="emotion-12 emotion-15"
            dir="auto"
            role="listitem"
            style={
              Object {
                "color": "rgba(17,18,20,1.00)",
                "display": "list-item",
                "fontFamily": "EB Garamond, eb-garamond, Garamond, serif",
                "fontSize": "20px",
                "lineHeight": "28px",
                "listStyle": "inherit",
                "marginBottom": "20px",
                "textRendering": "geometricPrecision",
              }
            }
          >
            With vendors, consultants and other service providers who need access to such information to carry out work on our behalf;
          </li>
          <li
            className="emotion-12 emotion-15"
            dir="auto"
            role="listitem"
            style={
              Object {
                "color": "rgba(17,18,20,1.00)",
                "display": "list-item",
                "fontFamily": "EB Garamond, eb-garamond, Garamond, serif",
                "fontSize": "20px",
                "lineHeight": "28px",
                "listStyle": "inherit",
                "marginBottom": "20px",
                "textRendering": "geometricPrecision",
              }
            }
          >
            In response to a request for information if we believe disclosure is in accordance with any applicable law, regulation or legal process, or as otherwise required by any applicable law, rule or regulation;
          </li>
          <li
            className="emotion-12 emotion-15"
            dir="auto"
            role="listitem"
            style={
              Object {
                "color": "rgba(17,18,20,1.00)",
                "display": "list-item",
                "fontFamily": "EB Garamond, eb-garamond, Garamond, serif",
                "fontSize": "20px",
                "lineHeight": "28px",
                "listStyle": "inherit",
                "marginBottom": "20px",
                "textRendering": "geometricPrecision",
              }
            }
          >
            If we believe your actions are inconsistent with our user agreements or policies, or to protect the rights, property and safety of us or any third-party;
          </li>
          <li
            className="emotion-12 emotion-15"
            dir="auto"
            role="listitem"
            style={
              Object {
                "color": "rgba(17,18,20,1.00)",
                "display": "list-item",
                "fontFamily": "EB Garamond, eb-garamond, Garamond, serif",
                "fontSize": "20px",
                "lineHeight": "28px",
                "listStyle": "inherit",
                "marginBottom": "20px",
                "textRendering": "geometricPrecision",
              }
            }
          >
            In connection with, or during negotiations of, any merger, sale of company assets, financing or acquisition of all or a portion of our business to another company;
          </li>
          <li
            className="emotion-12 emotion-15"
            dir="auto"
            role="listitem"
            style={
              Object {
                "color": "rgba(17,18,20,1.00)",
                "display": "list-item",
                "fontFamily": "EB Garamond, eb-garamond, Garamond, serif",
                "fontSize": "20px",
                "lineHeight": "28px",
                "listStyle": "inherit",
                "marginBottom": "20px",
                "textRendering": "geometricPrecision",
              }
            }
          >
            With your consent or at your direction; and
          </li>
          <li
            className="emotion-12 emotion-15"
            dir="auto"
            role="listitem"
            style={
              Object {
                "color": "rgba(17,18,20,1.00)",
                "display": "list-item",
                "fontFamily": "EB Garamond, eb-garamond, Garamond, serif",
                "fontSize": "20px",
                "lineHeight": "28px",
                "listStyle": "inherit",
                "marginBottom": "20px",
                "textRendering": "geometricPrecision",
              }
            }
          >
            We may also share aggregated or de-identified information, which cannot reasonably be used to identify you.
          </li>
        </ul>
      </div>
    </div>
  </section>
  <section
    className="emotion-1"
  >
    <div
      className="emotion-20"
    >
      <div
        className="emotion-3"
      >
        <h3
          className="emotion-22"
        >
          Celo Foundation Sub-Processors
        </h3>
      </div>
      <div
        className="emotion-4"
      >
        <p
          className="emotion-24"
        />
        <p
          className="emotion-11"
        >
          We use the following sub-processors to operate our Services:
        </p>
        <table
          className="emotion-94"
        >
          <tr
            className="emotion-95"
          >
            <th
              className="emotion-96"
            >
              Third-Party Service or Vendor
            </th>
            <th
              className="emotion-96"
            >
              Type of Service
            </th>
            <th
              className="emotion-96"
            >
              Location
            </th>
          </tr>
          <tr
            className="emotion-95"
          >
            <td
              className="emotion-100"
            >
              Segment.io Inc.
            </td>
            <td
              className="emotion-100"
            >
              Site Visitor Data Platform
            </td>
            <td
              className="emotion-100"
            >
              United States
            </td>
          </tr>
          <tr
            className="emotion-95"
          >
            <td
              className="emotion-100"
            >
              Google
            </td>
            <td
              className="emotion-100"
            >
              Site Visitor Analytics
            </td>
            <td
              className="emotion-100"
            >
              United States
            </td>
          </tr>
          <tr
            className="emotion-95"
          >
            <td
              className="emotion-100"
            >
              HubSpot, Inc.
            </td>
            <td
              className="emotion-100"
            >
              CRM Service
            </td>
            <td
              className="emotion-100"
            >
              United States
            </td>
          </tr>
        </table>
      </div>
    </div>
  </section>
  <section
    className="emotion-1"
  >
    <div
      className="emotion-20"
    >
      <div
        className="emotion-3"
      >
        <h3
          className="emotion-22"
        >
          Legal Bases For Processing (For EEA Users)
        </h3>
      </div>
      <div
        className="emotion-4"
      >
        <p
          className="emotion-24"
        />
        <p
          className="emotion-11"
        >
          If you are an individual from the European Economic Area (“EEA”), we collect and process your Personal Data only where we have legal basis for doing so under applicable EU laws. The legal basis depends on the Services you use and how you use them. This means we collect and use your personal data only:
        </p>
        <ul
          className="emotion-12 emotion-13"
          role="list"
          style={
            Object {
              "listStyle": "disc",
              "marginTop": "20px",
              "paddingLeft": "20px",
            }
          }
        >
          <li
            className="emotion-12 emotion-15"
            dir="auto"
            role="listitem"
            style={
              Object {
                "color": "rgba(17,18,20,1.00)",
                "display": "list-item",
                "fontFamily": "EB Garamond, eb-garamond, Garamond, serif",
                "fontSize": "20px",
                "lineHeight": "28px",
                "listStyle": "inherit",
                "marginBottom": "20px",
                "textRendering": "geometricPrecision",
              }
            }
          >
            To operate our business, including to improve and develop our services, for fraud prevention purposes, improve user experience, or other legitimate interest;
          </li>
          <li
            className="emotion-12 emotion-15"
            dir="auto"
            role="listitem"
            style={
              Object {
                "color": "rgba(17,18,20,1.00)",
                "display": "list-item",
                "fontFamily": "EB Garamond, eb-garamond, Garamond, serif",
                "fontSize": "20px",
                "lineHeight": "28px",
                "listStyle": "inherit",
                "marginBottom": "20px",
                "textRendering": "geometricPrecision",
              }
            }
          >
            To fulfill contractual responsibilities; and/or
          </li>
          <li
            className="emotion-12 emotion-15"
            dir="auto"
            role="listitem"
            style={
              Object {
                "color": "rgba(17,18,20,1.00)",
                "display": "list-item",
                "fontFamily": "EB Garamond, eb-garamond, Garamond, serif",
                "fontSize": "20px",
                "lineHeight": "28px",
                "listStyle": "inherit",
                "marginBottom": "20px",
                "textRendering": "geometricPrecision",
              }
            }
          >
            As otherwise in compliance with law.
          </li>
        </ul>
        <p
          className="emotion-11"
        >
          If you have any questions about the legal basis for processing, please contact us at the address listed in the “Contact Us” section.
        </p>
      </div>
    </div>
  </section>
  <section
    className="emotion-1"
  >
    <div
      className="emotion-20"
    >
      <div
        className="emotion-3"
      >
        <h3
          className="emotion-22"
        >
          Transfer of Personal Data To Other Countries
        </h3>
      </div>
      <div
        className="emotion-4"
      >
        <p
          className="emotion-24"
        />
        <p
          className="emotion-11"
        >
          We may transfer your Personal Data to countries outside the United Kingdom and the European Economic Area (“EEA”), including, but not limited to the United States, where Celo’s headquarters and some of its IT systems (including email) are located.
        </p>
      </div>
    </div>
  </section>
  <section
    className="emotion-1"
  >
    <div
      className="emotion-20"
    >
      <div
        className="emotion-3"
      >
        <h3
          className="emotion-22"
        >
          How We Protect Your Information
        </h3>
      </div>
      <div
        className="emotion-4"
      >
        <p
          className="emotion-24"
        />
        <p
          className="emotion-11"
        >
          Protecting your information is important to us. We maintain administrative, technical and physical safeguards designed to protect against accidental, unlawful or unauthorized destruction, loss, alteration, access, disclosure or use of Personal Data.
        </p>
      </div>
    </div>
  </section>
  <section
    className="emotion-1"
  >
    <div
      className="emotion-20"
    >
      <div
        className="emotion-3"
      >
        <h3
          className="emotion-22"
        >
          How Long We Retain Your Information
        </h3>
      </div>
      <div
        className="emotion-4"
      >
        <p
          className="emotion-24"
        />
        <p
          className="emotion-11"
        >
          We strive to only keep your Personal Data only for the period of time needed for legitimate business purposes. In certain circumstances, however, legal or regulatory obligations may require us to retain records for a longer than we otherwise would.
        </p>
      </div>
    </div>
  </section>
  <section
    className="emotion-1"
  >
    <div
      className="emotion-20"
    >
      <div
        className="emotion-3"
      >
        <h3
          className="emotion-22"
        >
          Children’s Information
        </h3>
      </div>
      <div
        className="emotion-4"
      >
        <p
          className="emotion-24"
        />
        <p
          className="emotion-11"
        >
          Our Services are not directed to children under the age of 16. If you learn that a child under the age of 16 has provided us with personal information without consent, please contact us.
        </p>
      </div>
    </div>
  </section>
  <section
    className="emotion-1"
  >
    <div
      className="emotion-20"
    >
      <div
        className="emotion-3"
      >
        <h3
          className="emotion-22"
        >
          Your Rights
        </h3>
      </div>
      <div
        className="emotion-4"
      >
        <p
          className="emotion-24"
        />
        <p
          className="emotion-11"
        >
          If you are in the EEA you have have the right, subject to certain exceptions, to request a copy of the Personal Data we are processing about you, to require that any incomplete or inaccurate Personal Data is amended, to request that we delete your Personal Data (although we may not be able to delete certain data due to legal or other obligations), to object to the use of your Personal Data or to withdraw consent.
        </p>
        <p
          className="emotion-11"
        >
          If you are in the EEA, you also have a right to lodge a complaint with the local data protection authority if you believe that we have not complied with the applicable data protection laws.
        </p>
        <p
          className="emotion-11"
        >
          You may also contact us to address and resolve concerns you may have about our use of your Personal Data. Please contact us at
           
          <a
            href="mailto:privacy@celo.org"
            onClick={[Function]}
            onMouseEnter={[Function]}
          >
            privacy@celo.org
          </a>
          .
        </p>
      </div>
    </div>
  </section>
  <section
    className="emotion-1"
  >
    <div
      className="emotion-20"
    >
      <div
        className="emotion-3"
      >
        <h3
          className="emotion-22"
        >
          Changes To This Privacy Policy
        </h3>
      </div>
      <div
        className="emotion-4"
      >
        <p
          className="emotion-24"
        />
        <p
          className="emotion-11"
        >
          We reserve the right to change and update this Privacy Policy from time to time. If we make changes, you will be notified of the change by the date at the top of Privacy Policy, which will reflect the last date updated.
        </p>
      </div>
    </div>
  </section>
  <section
    className="emotion-1"
  >
    <div
      className="emotion-20"
    >
      <div
        className="emotion-3"
      >
        <h3
          className="emotion-22"
        >
          Third-Party Services, Applications, and Websites
        </h3>
      </div>
      <div
        className="emotion-4"
      >
        <p
          className="emotion-24"
        />
        <p
          className="emotion-11"
        >
          Certain third-party services, websites, or applications you use, or navigate to from our Services may have separate user terms and privacy policies that are independent of this Policy. This includes, for example, websites owned and operated by our customers or partners. We are not responsible for the privacy practices of these third-party services or applications. We recommend carefully reviewing the user terms and privacy statement of each third-party service, website, and/or application prior to use.
        </p>
      </div>
    </div>
  </section>
</div>
`;
